===== Environment =====
$ cat /etc/os-release && riscv64-unknown-elf-gcc --version | head -1 && qemu-system-riscv64 --version | head -1
PRETTY_NAME="Ubuntu 22.04.5 LTS"
NAME="Ubuntu"
VERSION_ID="22.04"
VERSION="22.04.5 LTS (Jammy Jellyfish)"
VERSION_CODENAME=jammy
ID=ubuntu
ID_LIKE=debian
HOME_URL="https://www.ubuntu.com/"
SUPPORT_URL="https://help.ubuntu.com/"
BUG_REPORT_URL="https://bugs.launchpad.net/ubuntu/"
PRIVACY_POLICY_URL="https://www.ubuntu.com/legal/terms-and-policies/privacy-policy"
UBUNTU_CODENAME=jammy
riscv64-unknown-elf-gcc () 10.2.0
QEMU emulator version 6.2.0 (Debian 1:6.2+dfsg-2ubuntu6.31)
WSL_EXIT_CODE=0

===== Clean build =====
$ cd "/mnt/e/编译/OS/lab1-input/lab1" && make clean && make
rm -f -r obj bin
make: Warning: File 'obj/kern/libs/stdio.d' has modification time 0.18 s in the future
+ cc kern/init/entry.S
+ cc kern/init/init.c
+ cc kern/libs/stdio.c
+ cc kern/driver/console.c
+ cc libs/printfmt.c
+ cc libs/readline.c
+ cc libs/sbi.c
+ cc libs/string.c
+ ld bin/kernel
riscv64-unknown-elf-objcopy bin/kernel --strip-all -O binary bin/ucore.img
make: warning:  Clock skew detected.  Your build may be incomplete.
WSL_EXIT_CODE=0

===== Artifact inspection =====
$ cd "/mnt/e/编译/OS/lab1-input/lab1" && file bin/kernel bin/ucore.img && riscv64-unknown-elf-readelf -h bin/kernel | grep -E "Class:|Machine:|Entry point" && ls -lh bin/kernel bin/ucore.img
bin/kernel:    ELF 64-bit LSB executable, UCB RISC-V, RVC, double-float ABI, version 1 (SYSV), statically linked, with debug_info, not stripped
bin/ucore.img: data
  Class:                             ELF64
  Machine:                           RISC-V
  Entry point address:               0x80200000
-rwxrwxrwx 1 yangweb yangweb 48K Oct  4  2026 bin/kernel
-rwxrwxrwx 1 yangweb yangweb 13K Oct  4  2026 bin/ucore.img
WSL_EXIT_CODE=0

===== Packaged make qemu target (5-second observation) =====
$ cd "/mnt/e/编译/OS/lab1-input/lab1" && timeout -k 1s -s TERM 5s make qemu

OpenSBI v0.9
   ____                    _____ ____ _____
  / __ \                  / ____|  _ \_   _|
 | |  | |_ __   ___ _ __ | (___ | |_) || |
 | |  | | '_ \ / _ \ '_ \ \___ \|  _ < | |
 | |__| | |_) |  __/ | | |____) | |_) || |_
  \____/| .__/ \___|_| |_|_____/|____/_____|
        | |
        |_|

Platform Name             : riscv-virtio,qemu
Platform Features         : timer,mfdeleg
Platform HART Count       : 1
Firmware Base             : 0x80000000
Firmware Size             : 100 KB
Runtime SBI Version       : 0.2

Domain0 Name              : root
Domain0 Boot HART         : 0
Domain0 HARTs             : 0*
Domain0 Region00          : 0x0000000080000000-0x000000008001ffff ()
Domain0 Region01          : 0x0000000000000000-0xffffffffffffffff (R,W,X)
Domain0 Next Address      : 0x0000000000000000
Domain0 Next Arg1         : 0x0000000087000000
Domain0 Next Mode         : S-mode
Domain0 SysReset          : yes

Boot HART ID              : 0
Boot HART Domain          : root
Boot HART ISA             : rv64imafdcsu
Boot HART Features        : scounteren,mcounteren,time
Boot HART PMP Count       : 16
Boot HART PMP Granularity : 4
Boot HART PMP Address Bits: 54
Boot HART MHPM Count      : 0
Boot HART MHPM Count      : 0
Boot HART MIDELEG         : 0x0000000000000222
Boot HART MEDELEG         : 0x000000000000b109
qemu-system-riscv64: terminating on signal 15 from pid 547 (timeout)
WSL_EXIT_CODE=124

===== QEMU with ELF kernel (5-second observation) =====
$ cd "/mnt/e/编译/OS/lab1-input/lab1" && timeout -k 1s -s TERM 5s qemu-system-riscv64 -machine virt -nographic -bios default -kernel bin/kernel

OpenSBI v0.9
   ____                    _____ ____ _____
  / __ \                  / ____|  _ \_   _|
 | |  | |_ __   ___ _ __ | (___ | |_) || |
 | |  | | '_ \ / _ \ '_ \ \___ \|  _ < | |
 | |__| | |_) |  __/ | | |____) | |_) || |_
  \____/| .__/ \___|_| |_|_____/|____/_____|
        | |
        |_|

Platform Name             : riscv-virtio,qemu
Platform Features         : timer,mfdeleg
Platform HART Count       : 1
Firmware Base             : 0x80000000
Firmware Size             : 100 KB
Runtime SBI Version       : 0.2

Domain0 Name              : root
Domain0 Boot HART         : 0
Domain0 HARTs             : 0*
Domain0 Region00          : 0x0000000080000000-0x000000008001ffff ()
Domain0 Region01          : 0x0000000000000000-0xffffffffffffffff (R,W,X)
Domain0 Next Address      : 0x0000000080200000
Domain0 Next Arg1         : 0x0000000087000000
Domain0 Next Mode         : S-mode
Domain0 SysReset          : yes

Boot HART ID              : 0
Boot HART Domain          : root
Boot HART ISA             : rv64imafdcsu
Boot HART Features        : scounteren,mcounteren,time
Boot HART PMP Count       : 16
Boot HART PMP Granularity : 4
Boot HART PMP Address Bits: 54
Boot HART MHPM Count      : 0
Boot HART MHPM Count      : 0
Boot HART MIDELEG         : 0x0000000000000222
Boot HART MEDELEG         : 0x000000000000b109
(THU.CST) os is loading ...


qemu-system-riscv64: terminating on signal 15 from pid 562 (timeout)
WSL_EXIT_CODE=124


===== OpenSBI firmware-only check (3-second observation) =====
$ timeout -k 1s -s TERM 3s qemu-system-riscv64 --machine virt --nographic --bios default

OpenSBI v0.9
   ____                    _____ ____ _____
  / __ \                  / ____|  _ \_   _|
 | |  | |_ __   ___ _ __ | (___ | |_) || |
 | |  | | '_ \ / _ \ '_ \ \___ \|  _ < | |
 | |__| | |_) |  __/ | | |____) | |_) || |_
  \____/| .__/ \___|_| |_|_____/|____/_____|
        | |
        |_|

Platform Name             : riscv-virtio,qemu
Platform Features         : timer,mfdeleg
Platform HART Count       : 1
Firmware Base             : 0x80000000
Firmware Size             : 100 KB
Runtime SBI Version       : 0.2

Domain0 Name              : root
Domain0 Boot HART         : 0
Domain0 HARTs             : 0*
Domain0 Region00          : 0x0000000080000000-0x000000008001ffff ()
Domain0 Region01          : 0x0000000000000000-0xffffffffffffffff (R,W,X)
Domain0 Next Address      : 0x0000000000000000
Domain0 Next Arg1         : 0x0000000087000000
Domain0 Next Mode         : S-mode
Domain0 SysReset          : yes

Boot HART ID              : 0
Boot HART Domain          : root
Boot HART ISA             : rv64imafdcsu
Boot HART Features        : scounteren,mcounteren,time
Boot HART PMP Count       : 16
Boot HART PMP Granularity : 4
Boot HART PMP Address Bits: 54
Boot HART MHPM Count      : 0
Boot HART MHPM Count      : 0
Boot HART MIDELEG         : 0x0000000000000222
Boot HART MEDELEG         : 0x000000000000b109
qemu-system-riscv64: terminating on signal 15 from pid 448 (timeout)
WSL_EXIT_CODE=124

===== vm.overcommit_memory (read-only) =====
$ cat /proc/sys/vm/overcommit_memory
0
